[Tier0] ABORT: carved geometry contains no junction — a straight corridor cannot answer 'which way would you walk'. Fix the carve list.
[Tier0] corridor scene: tier1_combined_review (res://src/Presentation/assets/tier0_harness/scenes/tier1_combined_review.json)
[Tier0] grid map: centre00=(8,-217.5) pitch=(64,64) view=(0,90)...(720,947)
[Tier0] junction=NO
[Tier0] light rig: ambient=1a1a22@0.7 (effective 121218) light=ffb066 energy=1.6 radius_tiles=5 falloff=1 tile=32x32 tex=320px (light: RULED for the Boundary — §6.2.1 Ruling 56; other regions PLACEHOLDER. tile: RULED value, §4.3 derivation outstanding)
[Tier0] losable-state check: turn_limit=2147483647 monsters=0 ending=None alive=True game_over=False
[Tier0] map=17x21 player=(6,12) carve_rects=7
[Tier0] REVIEW BUILD marker present — booting the review corridor.
[Tier0] review_build_marker=res://src/Presentation/assets/tier0_harness/REVIEW_BUILD.json
[Tier0] tile_theme_config=res://src/Presentation/assets/tier1_ashlar/tile_themes_tier1_ashlar.yaml
[Tier1]   .................
[Tier1]   ...11233.22110...
[Tier1]   ...12221111110...
[Tier1]   .23..3...........
[Tier1]   # *#          ###
[Tier1]   # %*          ###
[Tier1]   ###           ###
[Tier1]   ###   +@-     ###
[Tier1]   ###  *@-      ###
[Tier1]   ###  *%=      ###
[Tier1]   ### =@=.      ###
[Tier1]   ###-          ###
[Tier1]   ###-=*###*+-:.###
[Tier1]   ###:=+####*=-:###
[Tier1]   ###...........###
[Tier1]   ###...//|.....###
[Tier1]   ###.*@-       ###
[Tier1]   ###.////......###
[Tier1]   ###.\\\\\.....###
[Tier1]   ###@*#        ###
[Tier1]   ###*@=        ###
[Tier1]   ###*#*+==--::.###
[Tier1]   ###*#%#*++=--:###
[Tier1]   ###////.......###
[Tier1]   ###/////......###
[Tier1]   ###\\\\.......###
[Tier1]   ###\\\\\......###
[Tier1]   ###\\#........###
[Tier1]   ########*########
[Tier1]   ########\########
[Tier1]   #################
[Tier1]   ########%########
[Tier1]   ########+########
[Tier1]   ########=########
[Tier1]   ########|########
[Tier1]   ########F########
[Tier1]   ####%##+==--::###
[Tier1]   ###+@*        ###
[Tier1]   ###+***+==--:.###
[Tier1]   ###=****++==-:###
[Tier1]   ###=*###**+=-:###
[Tier1]   ###=+*###*+=-:###
[Tier1]   ###=++=-----::###
[Tier1]   ###|..........###
[Tier1]   ###xx.......xx###
[Tier1]   ###xx...LMR..x###
[Tier1]   ###xx..LMMR..x###
[Tier1]   ###xx..LMR..xx###
[Tier1]   ###xx#..LMR..x###
[Tier1]   ###xxx.......x###
[Tier1]   ###xxxxxxxxxxx###
[Tier1]   #+*#%#*=---::.###
[Tier1]   #+*%@%*=----:.###
[Tier1]   #||\\.........###
[Tier1]   #|||..........###
[Tier1]   #xxxxx.......x###
[Tier1]   #xxxxx..LMR..x###
[Tier1] ashlar floor: laid=141 channel_cells=27 missing=0 families=5 seed=1337 atlases=146 edge_check=128/OK stone_check=144/OK paint_check=96/OK occlusion=baked:70/check:48/OK lines=1 mouths=12 polished=141 traffic=spine:18/routes:25 manifest=res://src/Presentation/assets/tier1_ashlar/MANIFEST.json
[Tier1] axis coherence: 58 of 62 adjacent on-route pairs agree (94%) - round 21 measured 34% on the per-tile field
[Tier1] boundary wall: family=boundary_wall_material_v1 face=24 top=63 void=129(choice=0,ring>1,OVERRIDE manifest=0) missing=0 face_suppressed=63 planes(top=114.7 face=61.79) edge_check=46/OK bindings=13(cramp:3,lash:3,patch:1,pin:3,strap:3) cap=87+129void age0..3=2/11/7/4 traffic=spine:18/routes:25 manifest=res://src/Presentation/assets/tier1_walls/MANIFEST.json
[Tier1] BUILD IDENTITY: commit=UNSTAMPED built=UNSTAMPED review=GATED app=Catacombs of YARL
[Tier1] channel map (L/M/R channel, F trodden chokepoint, x neglected, . floor, # solid)
[Tier1] floor overlays: cells=141 channel=28 neglected=55 drawn(grit=0 event=0 channel=0 occlusion=0/stacked=56@anchor2 BAKED-BY-FLOOR) cell_shadow_suppressed=78 missing_texture=0 seed=1337 manifest=res://src/Presentation/assets/tier1_floors/MANIFEST.json
[Tier1] rig:start: radius=5 falloff=1 ambient=0.7 (121218) energy=1.6
[Tier1] route strength (space=off-route .. @=on the line)
[Tier1] traffic field (space=unwalked .. @=busiest)
[Tier1] travel axis (- E-W  / NE-SW  | N-S  \ NW-SE  . none)
[Tier1] variant census: cells=141 distinct=1 max_multiplicity=141  step_top2: row=1.000(122/122) col=1.000(117/117) diag=1.000(103/103) anti=1.000(103/103)  worst_top2=1.000  chance_mode~1.000  pool_implied>=1
[Tier1] wall age map (. not a reveal, 0=sharp/sealed .. 3=on the spine)
[Tier1] wang floor: none declared (no --wang-floor, no marker wangFloor)
