== device: 5DB969FF-269C-5A8A-86EB-99EC9FF22397
== installed apps, as the DEVICE reports them
Catacombs of YARL   com.rafehatfield.catacombsofyarl             1.0.0     1.0.0         
YARL Proj C         com.rafehatfield.catacombsofyarl.projC       1.0.0     1.0.0         
YARL Tier0          com.rafehatfield.catacombsofyarl.tier0       1.0.0     1.0.0         
YARL projA          com.rafehatfield.catacombsofyarl.projA       1.0.0     1.0.0         
YARL projOL         com.rafehatfield.catacombsofyarl.projOL      1.0.0     1.0.0         
YARL projOR         com.rafehatfield.catacombsofyarl.projOR      1.0.0     1.0.0         
YARL projOdeep      com.rafehatfield.catacombsofyarl.projOdeep   1.0.0     1.0.0         
YARL projW          com.rafehatfield.catacombsofyarl.projW       1.0.0     1.0.0         

== FOUND ON DEVICE: YARL projA          com.rafehatfield.catacombsofyarl.projA       1.0.0     1.0.0         
== launching com.rafehatfield.catacombsofyarl.projA
== pulling Documents/diag.log

== the three identifiers, from the handset
[DIAG 00002 F0 T1.869] [Tier1] BUILD IDENTITY: commit=e0e383f20db29f352f7551bf7f9d7b60e48117d0+dirty built=2026-09-12T16:13:34Z review=SKIPPED-REVIEW app=Catacombs of YARL
  bundle (device): com.rafehatfield.catacombsofyarl.projA

== did it boot into the right scene, with the rig live?
  OK    booted the review scene
  OK*   the handset build is an ANCESTOR of HEAD (2 commit(s) behind)
        and NOTHING SHIPPED changed since — the device carries this art.
  OK    incident overlays attached
  OK    rig panel constructed
  OK    no losable state
  OK    floor family laid, every cross-check green
  OK    theme and floor family agree   (tier1_ashlar)

  [DIAG 00010 F0 T1.879] [Tier1] floor overlays: cells=134 channel=28 neglected=48 drawn(grit=0 event=0 channel=0 occlusion=0/stacked=59@anchor2 BAKED-BY-FLOOR) cell_shadow_suppressed=76 missing_texture=0 seed=1337 manifest=res://src/Presentation/assets/tier1_floors/MANIFEST.json
  [DIAG 00007 F0 T1.869] [Tier0] light rig: ambient=1a1a22@1.5 (effective 272733) light=ffb066 energy=1.6 radius_tiles=6 falloff=1 tile=32x32 tex=384px (light: RULED for the Boundary — §6.2.1 Ruling 56; other regions PLACEHOLDER. tile: RULED value, §4.3 derivation outstanding)

VERIFIED ON DEVICE — installed, launched, booted into tier1_projection2_A, rig live.
log: tools/tier1_floors/evidence/DEVICE-tier1-boot.log
