== device: 5DB969FF-269C-5A8A-86EB-99EC9FF22397
== installed apps, as the DEVICE reports them
Catacombs of YARL   com.rafehatfield.catacombsofyarl             1.0.0     1.0.0         
YARL Tier0          com.rafehatfield.catacombsofyarl.tier0       1.0.0     1.0.0         
YARL perfall        com.rafehatfield.catacombsofyarl.perfall     1.0.0     1.0.0         
YARL perfnone       com.rafehatfield.catacombsofyarl.perfnone    1.0.0     1.0.0         
YARL projA          com.rafehatfield.catacombsofyarl.projA       1.0.0     1.0.0         
YARL projOL         com.rafehatfield.catacombsofyarl.projOL      1.0.0     1.0.0         
YARL projOR         com.rafehatfield.catacombsofyarl.projOR      1.0.0     1.0.0         
YARL projOdeep      com.rafehatfield.catacombsofyarl.projOdeep   1.0.0     1.0.0         
YARL projW          com.rafehatfield.catacombsofyarl.projW       1.0.0     1.0.0         

== FOUND ON DEVICE: YARL Tier0          com.rafehatfield.catacombsofyarl.tier0       1.0.0     1.0.0         
== launching com.rafehatfield.catacombsofyarl.tier0
       BundleIdentifier = com.rafehatfield.catacombsofyarl.tier0
       ----------------------------------------
           The request to open "com.rafehatfield.catacombsofyarl.tier0" failed. (FBSOpenApplicationServiceErrorDomain error 1 (0x01))
           NSLocalizedFailureReason = The request was denied by service delegate (SBMainWorkspace) for reason: Locked ("Unable to launch com.rafehatfield.catacombsofyarl.tier0 because the device was not, or could not be, unlocked").
           BSErrorCodeDescription = RequestDenied
           FBSOpenApplicationRequestID = 0x643d
       ----------------------------------------
               The operation couldn’t be completed. Unable to launch com.rafehatfield.catacombsofyarl.tier0 because the device was not, or could not be, unlocked. (FBSOpenApplicationErrorDomain error 7 (0x07))
               BSErrorCodeDescription = Locked
               NSLocalizedFailureReason = Unable to launch com.rafehatfield.catacombsofyarl.tier0 because the device was not, or could not be, unlocked.
launch failed — is the device unlocked?
